[2025-07-31T11:09:54.994Z] --- Logger configurado para escrever em arquivo: test-run.log ---
[2025-07-31T11:09:55.001Z] --- ORQUESTRADOR DE AUTENTICAÇÃO: performLogin ---
[2025-07-31T11:09:55.299Z] 🚀 Servidor rodando e ouvindo na porta 3000
[2025-07-31T11:09:56.587Z] ✅ Servidor logado na InHire com sucesso na inicialização.
